[ERROR] COMPILATION ERROR : 
[ERROR] /E:/sNp/app/backend/src/main/java/com/snp/backend/controller/ws/BoardSocketController.java:[26,57] cannot find symbol
[ERROR] /E:/sNp/app/backend/src/main/java/com/snp/backend/controller/ws/BoardSocketController.java:[37,57] cannot find symbol
[ERROR] Failed to execute goal org.apache.maven.plugins:maven-compiler-plugin:3.11.0:compile (default-compile) on project backend: Compilation failure: Compilation failure: 
[ERROR] /E:/sNp/app/backend/src/main/java/com/snp/backend/controller/ws/BoardSocketController.java:[26,57] cannot find symbol
[ERROR]   symbol:   method getProjectId()
[ERROR]   location: variable message of type com.snp.backend.model.ws.CursorMessage
[ERROR] /E:/sNp/app/backend/src/main/java/com/snp/backend/controller/ws/BoardSocketController.java:[37,57] cannot find symbol
[ERROR]   symbol:   method getProjectId()
[ERROR]   location: variable message of type com.snp.backend.model.ws.NodeMessage
[ERROR] -> [Help 1]
[ERROR] 
[ERROR] To see the full stack trace of the errors, re-run Maven with the -e switch.
[ERROR] Re-run Maven using the -X switch to enable full debug logging.
[ERROR] 
[ERROR] For more information about the errors and possible solutions, please read the following articles:
[ERROR] [Help 1] http://cwiki.apache.org/confluence/display/MAVEN/MojoFailureException
